// Jest Snapshot v1, https://goo.gl/fbAQLP

exports[`Button Should render a button primary by default 1`] = `ShallowWrapper {}`;
