// Jest Snapshot v1, https://goo.gl/fbAQLP

exports[`Input Should render a default input 1`] = `ShallowWrapper {}`;
