// Jest Snapshot v1, https://goo.gl/fbAQLP

exports[`Icon should render an Icon component 1`] = `
<span
  className="icon-home"
/>
`;
